**********************
nStart der Windows PowerShell-Aufzeichnung
Startzeit: 20260918101213
Benutzername: DESKTOP-C5BLTGB\haag_
RunAs-Benutzer: DESKTOP-C5BLTGB\haag_
Konfigurationsname: 
Computer: DESKTOP-C5BLTGB (Microsoft Windows NT 10.0.19045.0)
Hostanwendung: powershell.exe -NoProfile -ExecutionPolicy Bypass -WindowStyle Hidden -File c:\Users\haag_\Desktop\Github\dghd\scripts\sync-hub-scheduled.ps1
Prozess-ID: 40024
PSVersion: 5.1.19041.6456
PSEdition: Desktop
PSCompatibleVersions: 1.0, 2.0, 3.0, 4.0, 5.0, 5.1.19041.6456
BuildVersion: 10.0.19041.6456
CLRVersion: 4.0.30319.42000
WSManStackVersion: 3.0
PSRemotingProtocolVersion: 2.3
SerializationVersion: 1.1.0.1
**********************
Sync: dghd-hub -> C:\Users\haag_\Desktop\Github\dghd\hub

PS>TerminatingError(): "Die Pipeline wurde beendet."
>> TerminatingError(): "Die Pipeline wurde beendet."
>> TerminatingError(): "Die Pipeline wurde beendet."
>> $global:?
True
**********************
Ende der Windows PowerShell-Aufzeichnung
Endzeit: 20260918101214
**********************
